итого 8
drwxr-xr-x. 2 311u26 пользователи домена 4096 янв 31 11:58 dir1
lrwxrwxrwx. 1 311u26 пользователи домена    4 янв 31 12:02 dir1-sym -> dir1
drwxr-xr-x. 2 311u26 пользователи домена 4096 янв 31 11:58 dir2
lrwxrwxrwx. 1 311u26 пользователи домена    3 янв 31 11:57 fun-sym -> fun

//удалили символическую сылку
[311u26@311U26 playground]$ less fun-sym
fun-sym: No such file or directory

[311u26@311U26 playground]$ rm fun-sym dir1-sym
rm: невозможно удалить 'fun-sym': No such file or directory
rm: невозможно удалить 'dir1-sym': No such file or directory
[311u26@311U26 playground]$ ls -l
итого 8
drwxr-xr-x. 2 311u26 пользователи домена 4096 янв 31 11:58 dir1
drwxr-xr-x. 2 311u26 пользователи домена 4096 янв 31 11:58 dir2

//В заключение удалим каталог playground.
[311u26@311U26 playground]$ cd
[311u26@311U26 ~]$ rm -r playground

//Глава 5

type      — сообщает, как интерпретируется имя указанной команды;
which     — сообщает, какая программа будет выполнена;
help      — выводит справку по встроенным командам оболочки;
man       — выводит страницу справочного руководства с описанием команды;
apropos   — выводит список подходящих команд;
info      — выводит запись из справочного руководства Info с описанием команды;
whatis    — выводит краткое описание команды;
alias     — создает псевдоним для команды.

//type — получение типа команды
